2026-08-28 22:16:35,018 INFO sqlalchemy.engine.Engine select pg_catalog.version()
2026-08-28 22:16:35,033 INFO sqlalchemy.engine.Engine [raw sql] ()
2026-08-28 22:16:35,885 INFO sqlalchemy.engine.Engine select current_schema()
2026-08-28 22:16:35,900 INFO sqlalchemy.engine.Engine [raw sql] ()
2026-08-28 22:16:36,716 INFO sqlalchemy.engine.Engine show standard_conforming_strings
2026-08-28 22:16:36,732 INFO sqlalchemy.engine.Engine [raw sql] ()
2026-08-28 22:16:37,359 INFO sqlalchemy.engine.Engine BEGIN (implicit)
2026-08-28 22:16:37,381 INFO sqlalchemy.engine.Engine SELECT pg_catalog.pg_class.relname 
FROM pg_catalog.pg_class JOIN pg_catalog.pg_namespace ON pg_catalog.pg_namespace.oid = pg_catalog.pg_class.relnamespace 
WHERE pg_catalog.pg_class.relname = $1::VARCHAR AND pg_catalog.pg_class.relkind = ANY (ARRAY[$2::VARCHAR, $3::VARCHAR, $4::VARCHAR, $5::VARCHAR, $6::VARCHAR]) AND pg_catalog.pg_table_is_visible(pg_catalog.pg_class.oid) AND pg_catalog.pg_namespace.nspname != $7::VARCHAR
2026-08-28 22:16:37,383 INFO sqlalchemy.engine.Engine [generated in 0.00153s] ('payers', 'r', 'p', 'f', 'v', 'm', 'pg_catalog')
2026-08-28 22:16:38,028 INFO sqlalchemy.engine.Engine SELECT pg_catalog.pg_class.relname 
FROM pg_catalog.pg_class JOIN pg_catalog.pg_namespace ON pg_catalog.pg_namespace.oid = pg_catalog.pg_class.relnamespace 
WHERE pg_catalog.pg_class.relname = $1::VARCHAR AND pg_catalog.pg_class.relkind = ANY (ARRAY[$2::VARCHAR, $3::VARCHAR, $4::VARCHAR, $5::VARCHAR, $6::VARCHAR]) AND pg_catalog.pg_table_is_visible(pg_catalog.pg_class.oid) AND pg_catalog.pg_namespace.nspname != $7::VARCHAR
2026-08-28 22:16:38,029 INFO sqlalchemy.engine.Engine [cached since 0.6469s ago] ('providers', 'r', 'p', 'f', 'v', 'm', 'pg_catalog')
2026-08-28 22:16:38,242 INFO sqlalchemy.engine.Engine SELECT pg_catalog.pg_class.relname 
FROM pg_catalog.pg_class JOIN pg_catalog.pg_namespace ON pg_catalog.pg_namespace.oid = pg_catalog.pg_class.relnamespace 
WHERE pg_catalog.pg_class.relname = $1::VARCHAR AND pg_catalog.pg_class.relkind = ANY (ARRAY[$2::VARCHAR, $3::VARCHAR, $4::VARCHAR, $5::VARCHAR, $6::VARCHAR]) AND pg_catalog.pg_table_is_visible(pg_catalog.pg_class.oid) AND pg_catalog.pg_namespace.nspname != $7::VARCHAR
2026-08-28 22:16:38,255 INFO sqlalchemy.engine.Engine [cached since 0.8742s ago] ('patients', 'r', 'p', 'f', 'v', 'm', 'pg_catalog')
2026-08-28 22:16:38,556 INFO sqlalchemy.engine.Engine SELECT pg_catalog.pg_class.relname 
FROM pg_catalog.pg_class JOIN pg_catalog.pg_namespace ON pg_catalog.pg_namespace.oid = pg_catalog.pg_class.relnamespace 
WHERE pg_catalog.pg_class.relname = $1::VARCHAR AND pg_catalog.pg_class.relkind = ANY (ARRAY[$2::VARCHAR, $3::VARCHAR, $4::VARCHAR, $5::VARCHAR, $6::VARCHAR]) AND pg_catalog.pg_table_is_visible(pg_catalog.pg_class.oid) AND pg_catalog.pg_namespace.nspname != $7::VARCHAR
2026-08-28 22:16:38,571 INFO sqlalchemy.engine.Engine [cached since 1.189s ago] ('claims', 'r', 'p', 'f', 'v', 'm', 'pg_catalog')
2026-08-28 22:16:38,864 INFO sqlalchemy.engine.Engine SELECT pg_catalog.pg_class.relname 
FROM pg_catalog.pg_class JOIN pg_catalog.pg_namespace ON pg_catalog.pg_namespace.oid = pg_catalog.pg_class.relnamespace 
WHERE pg_catalog.pg_class.relname = $1::VARCHAR AND pg_catalog.pg_class.relkind = ANY (ARRAY[$2::VARCHAR, $3::VARCHAR, $4::VARCHAR, $5::VARCHAR, $6::VARCHAR]) AND pg_catalog.pg_table_is_visible(pg_catalog.pg_class.oid) AND pg_catalog.pg_namespace.nspname != $7::VARCHAR
2026-08-28 22:16:38,865 INFO sqlalchemy.engine.Engine [cached since 1.483s ago] ('denials', 'r', 'p', 'f', 'v', 'm', 'pg_catalog')
2026-08-28 22:16:39,171 INFO sqlalchemy.engine.Engine SELECT pg_catalog.pg_class.relname 
FROM pg_catalog.pg_class JOIN pg_catalog.pg_namespace ON pg_catalog.pg_namespace.oid = pg_catalog.pg_class.relnamespace 
WHERE pg_catalog.pg_class.relname = $1::VARCHAR AND pg_catalog.pg_class.relkind = ANY (ARRAY[$2::VARCHAR, $3::VARCHAR, $4::VARCHAR, $5::VARCHAR, $6::VARCHAR]) AND pg_catalog.pg_table_is_visible(pg_catalog.pg_class.oid) AND pg_catalog.pg_namespace.nspname != $7::VARCHAR
2026-08-28 22:16:39,185 INFO sqlalchemy.engine.Engine [cached since 1.803s ago] ('payments', 'r', 'p', 'f', 'v', 'm', 'pg_catalog')
2026-08-28 22:16:39,478 INFO sqlalchemy.engine.Engine SELECT pg_catalog.pg_class.relname 
FROM pg_catalog.pg_class JOIN pg_catalog.pg_namespace ON pg_catalog.pg_namespace.oid = pg_catalog.pg_class.relnamespace 
WHERE pg_catalog.pg_class.relname = $1::VARCHAR AND pg_catalog.pg_class.relkind = ANY (ARRAY[$2::VARCHAR, $3::VARCHAR, $4::VARCHAR, $5::VARCHAR, $6::VARCHAR]) AND pg_catalog.pg_table_is_visible(pg_catalog.pg_class.oid) AND pg_catalog.pg_namespace.nspname != $7::VARCHAR
2026-08-28 22:16:39,492 INFO sqlalchemy.engine.Engine [cached since 2.11s ago] ('work_queues', 'r', 'p', 'f', 'v', 'm', 'pg_catalog')
2026-08-28 22:16:39,786 INFO sqlalchemy.engine.Engine SELECT pg_catalog.pg_class.relname 
FROM pg_catalog.pg_class JOIN pg_catalog.pg_namespace ON pg_catalog.pg_namespace.oid = pg_catalog.pg_class.relnamespace 
WHERE pg_catalog.pg_class.relname = $1::VARCHAR AND pg_catalog.pg_class.relkind = ANY (ARRAY[$2::VARCHAR, $3::VARCHAR, $4::VARCHAR, $5::VARCHAR, $6::VARCHAR]) AND pg_catalog.pg_table_is_visible(pg_catalog.pg_class.oid) AND pg_catalog.pg_namespace.nspname != $7::VARCHAR
2026-08-28 22:16:39,800 INFO sqlalchemy.engine.Engine [cached since 2.419s ago] ('claim_queue_assignments', 'r', 'p', 'f', 'v', 'm', 'pg_catalog')
2026-08-28 22:16:40,095 INFO sqlalchemy.engine.Engine SELECT pg_catalog.pg_class.relname 
FROM pg_catalog.pg_class JOIN pg_catalog.pg_namespace ON pg_catalog.pg_namespace.oid = pg_catalog.pg_class.relnamespace 
WHERE pg_catalog.pg_class.relname = $1::VARCHAR AND pg_catalog.pg_class.relkind = ANY (ARRAY[$2::VARCHAR, $3::VARCHAR, $4::VARCHAR, $5::VARCHAR, $6::VARCHAR]) AND pg_catalog.pg_table_is_visible(pg_catalog.pg_class.oid) AND pg_catalog.pg_namespace.nspname != $7::VARCHAR
2026-08-28 22:16:40,096 INFO sqlalchemy.engine.Engine [cached since 2.714s ago] ('agent_runs', 'r', 'p', 'f', 'v', 'm', 'pg_catalog')
2026-08-28 22:16:40,336 INFO sqlalchemy.engine.Engine SELECT pg_catalog.pg_class.relname 
FROM pg_catalog.pg_class JOIN pg_catalog.pg_namespace ON pg_catalog.pg_namespace.oid = pg_catalog.pg_class.relnamespace 
WHERE pg_catalog.pg_class.relname = $1::VARCHAR AND pg_catalog.pg_class.relkind = ANY (ARRAY[$2::VARCHAR, $3::VARCHAR, $4::VARCHAR, $5::VARCHAR, $6::VARCHAR]) AND pg_catalog.pg_table_is_visible(pg_catalog.pg_class.oid) AND pg_catalog.pg_namespace.nspname != $7::VARCHAR
2026-08-28 22:16:40,336 INFO sqlalchemy.engine.Engine [cached since 2.955s ago] ('users', 'r', 'p', 'f', 'v', 'm', 'pg_catalog')
2026-08-28 22:16:40,868 INFO sqlalchemy.engine.Engine SELECT pg_catalog.pg_type.typname 
FROM pg_catalog.pg_type JOIN pg_catalog.pg_namespace ON pg_catalog.pg_namespace.oid = pg_catalog.pg_type.typnamespace 
WHERE pg_catalog.pg_type.typname = $1::VARCHAR AND pg_catalog.pg_type_is_visible(pg_catalog.pg_type.oid) AND pg_catalog.pg_namespace.nspname != $2::VARCHAR
2026-08-28 22:16:40,883 INFO sqlalchemy.engine.Engine [generated in 0.01388s] ('claimstatus', 'pg_catalog')
2026-08-28 22:16:41,948 INFO sqlalchemy.engine.Engine SELECT pg_catalog.pg_type.typname 
FROM pg_catalog.pg_type JOIN pg_catalog.pg_namespace ON pg_catalog.pg_namespace.oid = pg_catalog.pg_type.typnamespace 
WHERE pg_catalog.pg_type.typname = $1::VARCHAR AND pg_catalog.pg_type_is_visible(pg_catalog.pg_type.oid) AND pg_catalog.pg_namespace.nspname != $2::VARCHAR
2026-08-28 22:16:41,961 INFO sqlalchemy.engine.Engine [cached since 1.092s ago] ('appealstatus', 'pg_catalog')
2026-08-28 22:16:42,521 INFO sqlalchemy.engine.Engine SELECT pg_catalog.pg_type.typname 
FROM pg_catalog.pg_type JOIN pg_catalog.pg_namespace ON pg_catalog.pg_namespace.oid = pg_catalog.pg_type.typnamespace 
WHERE pg_catalog.pg_type.typname = $1::VARCHAR AND pg_catalog.pg_type_is_visible(pg_catalog.pg_type.oid) AND pg_catalog.pg_namespace.nspname != $2::VARCHAR
2026-08-28 22:16:42,535 INFO sqlalchemy.engine.Engine [cached since 1.667s ago] ('agenttype', 'pg_catalog')
2026-08-28 22:16:43,085 INFO sqlalchemy.engine.Engine SELECT pg_catalog.pg_type.typname 
FROM pg_catalog.pg_type JOIN pg_catalog.pg_namespace ON pg_catalog.pg_namespace.oid = pg_catalog.pg_type.typnamespace 
WHERE pg_catalog.pg_type.typname = $1::VARCHAR AND pg_catalog.pg_type_is_visible(pg_catalog.pg_type.oid) AND pg_catalog.pg_namespace.nspname != $2::VARCHAR
2026-08-28 22:16:43,101 INFO sqlalchemy.engine.Engine [cached since 2.232s ago] ('reviewdecision', 'pg_catalog')
2026-08-28 22:16:43,626 INFO sqlalchemy.engine.Engine SELECT pg_catalog.pg_type.typname 
FROM pg_catalog.pg_type JOIN pg_catalog.pg_namespace ON pg_catalog.pg_namespace.oid = pg_catalog.pg_type.typnamespace 
WHERE pg_catalog.pg_type.typname = $1::VARCHAR AND pg_catalog.pg_type_is_visible(pg_catalog.pg_type.oid) AND pg_catalog.pg_namespace.nspname != $2::VARCHAR
2026-08-28 22:16:43,642 INFO sqlalchemy.engine.Engine [cached since 2.773s ago] ('userrole', 'pg_catalog')
2026-08-28 22:16:44,117 INFO sqlalchemy.engine.Engine COMMIT
INFO:     127.0.0.1:60762 - "GET /health HTTP/1.1" 200 OK
INFO:     127.0.0.1:60766 - "POST /auth/login HTTP/1.1" 500 Internal Server Error
